[debug] [2025-02-26T06:34:48.384Z] ----------------------------------------------------------------------
[debug] [2025-02-26T06:34:48.385Z] Command:       C:\nvm4w\nodejs\node.exe C:\nvm4w\nodejs\node_modules\firebase-tools\lib\bin\firebase.js init
[debug] [2025-02-26T06:34:48.385Z] CLI Version:   13.31.2
[debug] [2025-02-26T06:34:48.385Z] Platform:      win32
[debug] [2025-02-26T06:34:48.385Z] Node Version:  v22.13.1
[debug] [2025-02-26T06:34:48.386Z] Time:          Wed Feb 26 2025 12:04:48 GMT+0530 (India Standard Time)
[debug] [2025-02-26T06:34:48.386Z] ----------------------------------------------------------------------
[debug] 
[debug] [2025-02-26T06:34:48.390Z] > command requires scopes: ["email","openid","https://www.googleapis.com/auth/cloudplatformprojects.readonly","https://www.googleapis.com/auth/firebase","https://www.googleapis.com/auth/cloud-platform"]
[debug] [2025-02-26T06:34:48.390Z] > authorizing via signed-in user (deepakgusaiwal07@gmail.com)
[info] 
     ######## #### ########  ######## ########     ###     ######  ########
     ##        ##  ##     ## ##       ##     ##  ##   ##  ##       ##
     ######    ##  ########  ######   ########  #########  ######  ######
     ##        ##  ##    ##  ##       ##     ## ##     ##       ## ##
     ##       #### ##     ## ######## ########  ##     ##  ######  ########

You're about to initialize a Firebase project in this directory:

  D:\Deepak Works\practice\twitter-clone

[info] 
=== Project Setup
[info] 
[info] First, let's associate this project directory with a Firebase project.
[info] You can create multiple project aliases by running firebase use --add, 
[info] but for now we'll just set up a default project.
[info] 
[debug] [2025-02-26T06:35:19.153Z] Checked if tokens are valid: true, expires at: 1740554678679
[debug] [2025-02-26T06:35:19.153Z] Checked if tokens are valid: true, expires at: 1740554678679
[debug] [2025-02-26T06:35:19.154Z] >>> [apiv2][query] GET https://firebase.googleapis.com/v1beta1/projects pageSize=100
[debug] [2025-02-26T06:35:19.859Z] <<< [apiv2][status] GET https://firebase.googleapis.com/v1beta1/projects 200
[debug] [2025-02-26T06:35:19.859Z] <<< [apiv2][body] GET https://firebase.googleapis.com/v1beta1/projects [omitted]
[info] i  Using project twitter-clone-db05f (Twitter-clone) 
[info] 
=== Dataconnect Setup
[debug] [2025-02-26T06:35:21.257Z] Checked if tokens are valid: true, expires at: 1740554678679
[debug] [2025-02-26T06:35:21.257Z] Checked if tokens are valid: true, expires at: 1740554678679
[debug] [2025-02-26T06:35:21.257Z] >>> [apiv2][query] GET https://cloudbilling.googleapis.com/v1/projects/twitter-clone-db05f/billingInfo [none]
[debug] [2025-02-26T06:35:22.744Z] <<< [apiv2][status] GET https://cloudbilling.googleapis.com/v1/projects/twitter-clone-db05f/billingInfo 200
[debug] [2025-02-26T06:35:22.744Z] <<< [apiv2][body] GET https://cloudbilling.googleapis.com/v1/projects/twitter-clone-db05f/billingInfo {"name":"projects/twitter-clone-db05f/billingInfo","projectId":"twitter-clone-db05f","billingAccountName":"","billingEnabled":false}
[info] i  dataconnect: ensuring required API sqladmin.googleapis.com is enabled... 
[debug] [2025-02-26T06:35:22.745Z] Checked if tokens are valid: true, expires at: 1740554678679
[debug] [2025-02-26T06:35:22.745Z] Checked if tokens are valid: true, expires at: 1740554678679
[debug] [2025-02-26T06:35:22.745Z] >>> [apiv2][query] GET https://serviceusage.googleapis.com/v1/projects/twitter-clone-db05f/services/sqladmin.googleapis.com [none]
[debug] [2025-02-26T06:35:22.745Z] >>> [apiv2][(partial)header] GET https://serviceusage.googleapis.com/v1/projects/twitter-clone-db05f/services/sqladmin.googleapis.com x-goog-quota-user=projects/twitter-clone-db05f
[debug] [2025-02-26T06:35:24.666Z] <<< [apiv2][status] GET https://serviceusage.googleapis.com/v1/projects/twitter-clone-db05f/services/sqladmin.googleapis.com 200
[debug] [2025-02-26T06:35:24.666Z] <<< [apiv2][body] GET https://serviceusage.googleapis.com/v1/projects/twitter-clone-db05f/services/sqladmin.googleapis.com [omitted]
[info] +  dataconnect: required API sqladmin.googleapis.com is enabled 
[info] i  dataconnect\dataconnect.yaml is unchanged 
[info] i  dataconnect\schema\schema.gql is unchanged 
[info] +  Wrote dataconnect\connector\connector.yaml 
[info] i  dataconnect\connector\queries.gql is unchanged 
[info] i  dataconnect\connector\mutations.gql is unchanged 
[info] +  Detected WEB app in directory D:\Deepak Works\practice\twitter-clone 
[info] i  Wrote new config to D:\Deepak Works\practice\twitter-clone\dataconnect\connector/connector.yaml 
[info] I0226 12:05:36.229241   18116 codegen.go:82] [connector "default" javascriptSdk] Generating sources into "D:\\Deepak Works\\practice\\twitter-clone\\dataconnect-generated\\js\\default-connector"
I0226 12:05:36.231346   18116 generate.go:40] Generated all sources. Writing them to disk...
I0226 12:05:36.232367   18116 collector.go:107] connector "default" javascriptSdk wrote into "D:\\Deepak Works\\practice\\twitter-clone\\dataconnect-generated\\js\\default-connector"
Generated sources: react\package.json [468B] react\esm\package.json [17B] react\index.cjs.js [194B] index.d.ts [259B] index.cjs.js [213B] package.json [819B] README.md [2740B] react\index.d.ts [227B] react\esm\index.esm.js [181B] esm\index.esm.js [172B] esm\package.json [17B] 
I0226 12:05:36.238036   18116 installsdk.go:76] Running command: C:\nvm4w\nodejs\npm.cmd install file:dataconnect-generated\js\default-connector

[info] i  Generated SDK code for default 
[info] +  If you'd like to add more generated SDKs to your app your later, run firebase init dataconnect:sdk again 
[info] i  If you'd like to provision a CloudSQL Postgres instance on the Firebase Data Connect no-cost trial:
1. Please upgrade to the pay-as-you-go (Blaze) billing plan. Visit the following page:
     https://console.firebase.google.com/project/twitter-clone-db05f/usage/details
2. Run firebase init dataconnect again to configure the Cloud SQL instance.
3. Run firebase deploy --only dataconnect to deploy your Data Connect service. 
[info] 
=== Firestore Setup
[debug] [2025-02-26T06:35:38.844Z] Checked if tokens are valid: true, expires at: 1740554678679
[debug] [2025-02-26T06:35:38.844Z] Checked if tokens are valid: true, expires at: 1740554678679
[debug] [2025-02-26T06:35:38.844Z] >>> [apiv2][query] GET https://serviceusage.googleapis.com/v1/projects/twitter-clone-db05f/services/firestore.googleapis.com [none]
[debug] [2025-02-26T06:35:38.844Z] >>> [apiv2][(partial)header] GET https://serviceusage.googleapis.com/v1/projects/twitter-clone-db05f/services/firestore.googleapis.com x-goog-quota-user=projects/twitter-clone-db05f
[debug] [2025-02-26T06:35:40.694Z] <<< [apiv2][status] GET https://serviceusage.googleapis.com/v1/projects/twitter-clone-db05f/services/firestore.googleapis.com 200
[debug] [2025-02-26T06:35:40.695Z] <<< [apiv2][body] GET https://serviceusage.googleapis.com/v1/projects/twitter-clone-db05f/services/firestore.googleapis.com [omitted]
[debug] [2025-02-26T06:35:40.695Z] Checked if tokens are valid: true, expires at: 1740554678679
[debug] [2025-02-26T06:35:40.695Z] Checked if tokens are valid: true, expires at: 1740554678679
[debug] [2025-02-26T06:35:40.695Z] >>> [apiv2][query] GET https://firestore.googleapis.com/v1/projects/twitter-clone-db05f/databases/(default) [none]
[debug] [2025-02-26T06:35:42.443Z] <<< [apiv2][status] GET https://firestore.googleapis.com/v1/projects/twitter-clone-db05f/databases/(default) 200
[debug] [2025-02-26T06:35:42.443Z] <<< [apiv2][body] GET https://firestore.googleapis.com/v1/projects/twitter-clone-db05f/databases/(default) {"name":"projects/twitter-clone-db05f/databases/(default)","uid":"c1a31540-4902-46ea-bfd3-080b89ef5071","createTime":"2025-02-26T06:32:51.032541Z","updateTime":"2025-02-26T06:32:51.032541Z","locationId":"nam5","type":"FIRESTORE_NATIVE","concurrencyMode":"PESSIMISTIC","versionRetentionPeriod":"3600s","earliestVersionTime":"2025-02-26T06:32:51.032541Z","appEngineIntegrationMode":"DISABLED","keyPrefix":"s","pointInTimeRecoveryEnablement":"POINT_IN_TIME_RECOVERY_DISABLED","deleteProtectionState":"DELETE_PROTECTION_DISABLED","databaseEdition":"STANDARD","etag":"IIyGzcLc4IsDMMKYgfjb4IsD"}
[debug] [2025-02-26T06:35:42.444Z] database_type: FIRESTORE_NATIVE
[debug] [2025-02-26T06:35:42.444Z] database_type: FIRESTORE_NATIVE
[debug] [2025-02-26T06:35:42.444Z] > command requires scopes: ["email","openid","https://www.googleapis.com/auth/cloudplatformprojects.readonly","https://www.googleapis.com/auth/firebase","https://www.googleapis.com/auth/cloud-platform"]
[debug] [2025-02-26T06:35:42.445Z] > authorizing via signed-in user (deepakgusaiwal07@gmail.com)
[debug] [2025-02-26T06:35:42.445Z] [iam] checking project twitter-clone-db05f for permissions ["firebase.projects.get"]
[debug] [2025-02-26T06:35:42.445Z] Checked if tokens are valid: true, expires at: 1740554678679
[debug] [2025-02-26T06:35:42.445Z] Checked if tokens are valid: true, expires at: 1740554678679
[debug] [2025-02-26T06:35:42.445Z] >>> [apiv2][query] POST https://cloudresourcemanager.googleapis.com/v1/projects/twitter-clone-db05f:testIamPermissions [none]
[debug] [2025-02-26T06:35:42.445Z] >>> [apiv2][(partial)header] POST https://cloudresourcemanager.googleapis.com/v1/projects/twitter-clone-db05f:testIamPermissions x-goog-quota-user=projects/twitter-clone-db05f
[debug] [2025-02-26T06:35:42.445Z] >>> [apiv2][body] POST https://cloudresourcemanager.googleapis.com/v1/projects/twitter-clone-db05f:testIamPermissions {"permissions":["firebase.projects.get"]}
[debug] [2025-02-26T06:35:44.047Z] <<< [apiv2][status] POST https://cloudresourcemanager.googleapis.com/v1/projects/twitter-clone-db05f:testIamPermissions 200
[debug] [2025-02-26T06:35:44.048Z] <<< [apiv2][body] POST https://cloudresourcemanager.googleapis.com/v1/projects/twitter-clone-db05f:testIamPermissions {"permissions":["firebase.projects.get"]}
[info] 
[info] Firestore Security Rules allow you to define how and when to allow
[info] requests. You can keep these rules in your project directory
[info] and publish them with firebase deploy.
[info] 
[debug] [2025-02-26T06:35:52.231Z] Checked if tokens are valid: true, expires at: 1740554678679
[debug] [2025-02-26T06:35:52.232Z] Checked if tokens are valid: true, expires at: 1740554678679
[debug] [2025-02-26T06:35:52.232Z] >>> [apiv2][query] GET https://firebaserules.googleapis.com/v1/projects/twitter-clone-db05f/releases pageSize=10&pageToken=
[debug] [2025-02-26T06:35:52.982Z] <<< [apiv2][status] GET https://firebaserules.googleapis.com/v1/projects/twitter-clone-db05f/releases 200
[debug] [2025-02-26T06:35:52.982Z] <<< [apiv2][body] GET https://firebaserules.googleapis.com/v1/projects/twitter-clone-db05f/releases {"releases":[{"name":"projects/twitter-clone-db05f/releases/cloud.firestore","rulesetName":"projects/twitter-clone-db05f/rulesets/8263d417-1665-43c9-b474-8d3e55b01cc5","createTime":"2025-02-26T06:32:57.714150Z","updateTime":"2025-02-26T06:32:57.714150Z"}]}
[debug] [2025-02-26T06:35:52.982Z] Found ruleset: projects/twitter-clone-db05f/rulesets/8263d417-1665-43c9-b474-8d3e55b01cc5
[debug] [2025-02-26T06:35:52.983Z] Checked if tokens are valid: true, expires at: 1740554678679
[debug] [2025-02-26T06:35:52.983Z] Checked if tokens are valid: true, expires at: 1740554678679
[debug] [2025-02-26T06:35:52.983Z] >>> [apiv2][query] GET https://firebaserules.googleapis.com/v1/projects/twitter-clone-db05f/rulesets/8263d417-1665-43c9-b474-8d3e55b01cc5 [none]
[debug] [2025-02-26T06:35:54.235Z] <<< [apiv2][status] GET https://firebaserules.googleapis.com/v1/projects/twitter-clone-db05f/rulesets/8263d417-1665-43c9-b474-8d3e55b01cc5 200
[debug] [2025-02-26T06:35:54.235Z] <<< [apiv2][body] GET https://firebaserules.googleapis.com/v1/projects/twitter-clone-db05f/rulesets/8263d417-1665-43c9-b474-8d3e55b01cc5 [omitted]
[info] 
[info] Firestore indexes allow you to perform complex queries while
[info] maintaining performance that scales with the size of the result
[info] set. You can keep index definitions in your project directory
[info] and publish them with firebase deploy.
[info] 
[debug] [2025-02-26T06:35:56.303Z] Checked if tokens are valid: true, expires at: 1740554678679
[debug] [2025-02-26T06:35:56.303Z] Checked if tokens are valid: true, expires at: 1740554678679
[debug] [2025-02-26T06:35:56.303Z] Checked if tokens are valid: true, expires at: 1740554678679
[debug] [2025-02-26T06:35:56.303Z] Checked if tokens are valid: true, expires at: 1740554678679
[debug] [2025-02-26T06:35:56.303Z] >>> [apiv2][query] GET https://firestore.googleapis.com/v1/projects/twitter-clone-db05f/databases/(default)/collectionGroups/-/indexes [none]
[debug] [2025-02-26T06:35:56.305Z] >>> [apiv2][query] GET https://firestore.googleapis.com/v1/projects/twitter-clone-db05f/databases/(default)/collectionGroups/-/fields?filter=indexConfig.usesAncestorConfig=false OR ttlConfig:* [none]
[debug] [2025-02-26T06:35:58.025Z] <<< [apiv2][status] GET https://firestore.googleapis.com/v1/projects/twitter-clone-db05f/databases/(default)/collectionGroups/-/indexes 200
[debug] [2025-02-26T06:35:58.026Z] <<< [apiv2][body] GET https://firestore.googleapis.com/v1/projects/twitter-clone-db05f/databases/(default)/collectionGroups/-/indexes {}
[debug] [2025-02-26T06:35:58.046Z] <<< [apiv2][status] GET https://firestore.googleapis.com/v1/projects/twitter-clone-db05f/databases/(default)/collectionGroups/-/fields?filter=indexConfig.usesAncestorConfig=false OR ttlConfig:* 200
[debug] [2025-02-26T06:35:58.046Z] <<< [apiv2][body] GET https://firestore.googleapis.com/v1/projects/twitter-clone-db05f/databases/(default)/collectionGroups/-/fields?filter=indexConfig.usesAncestorConfig=false OR ttlConfig:* {"fields":[{"name":"projects/twitter-clone-db05f/databases/(default)/collectionGroups/__default__/fields/*","indexConfig":{"indexes":[{"queryScope":"COLLECTION","fields":[{"fieldPath":"*","order":"ASCENDING"}],"state":"READY"},{"queryScope":"COLLECTION","fields":[{"fieldPath":"*","order":"DESCENDING"}],"state":"READY"},{"queryScope":"COLLECTION","fields":[{"fieldPath":"*","arrayConfig":"CONTAINS"}],"state":"READY"}]}}]}
[info] 
=== Genkit Setup
[debug] [2025-02-26T06:36:03.799Z] > command requires scopes: ["email","openid","https://www.googleapis.com/auth/cloudplatformprojects.readonly","https://www.googleapis.com/auth/firebase","https://www.googleapis.com/auth/cloud-platform"]
[debug] [2025-02-26T06:36:03.799Z] > authorizing via signed-in user (deepakgusaiwal07@gmail.com)
[debug] [2025-02-26T06:36:03.799Z] [iam] checking project twitter-clone-db05f for permissions ["firebase.projects.get"]
[debug] [2025-02-26T06:36:03.799Z] Checked if tokens are valid: true, expires at: 1740554678679
[debug] [2025-02-26T06:36:03.799Z] Checked if tokens are valid: true, expires at: 1740554678679
[debug] [2025-02-26T06:36:03.799Z] >>> [apiv2][query] POST https://cloudresourcemanager.googleapis.com/v1/projects/twitter-clone-db05f:testIamPermissions [none]
[debug] [2025-02-26T06:36:03.799Z] >>> [apiv2][(partial)header] POST https://cloudresourcemanager.googleapis.com/v1/projects/twitter-clone-db05f:testIamPermissions x-goog-quota-user=projects/twitter-clone-db05f
[debug] [2025-02-26T06:36:03.799Z] >>> [apiv2][body] POST https://cloudresourcemanager.googleapis.com/v1/projects/twitter-clone-db05f:testIamPermissions {"permissions":["firebase.projects.get"]}
[debug] [2025-02-26T06:36:05.304Z] <<< [apiv2][status] POST https://cloudresourcemanager.googleapis.com/v1/projects/twitter-clone-db05f:testIamPermissions 200
[debug] [2025-02-26T06:36:05.304Z] <<< [apiv2][body] POST https://cloudresourcemanager.googleapis.com/v1/projects/twitter-clone-db05f:testIamPermissions {"permissions":["firebase.projects.get"]}
[debug] [2025-02-26T06:36:05.305Z] Checked if tokens are valid: true, expires at: 1740554678679
[debug] [2025-02-26T06:36:05.305Z] Checked if tokens are valid: true, expires at: 1740554678679
[debug] [2025-02-26T06:36:05.305Z] Checked if tokens are valid: true, expires at: 1740554678679
[debug] [2025-02-26T06:36:05.305Z] Checked if tokens are valid: true, expires at: 1740554678679
[debug] [2025-02-26T06:36:05.306Z] >>> [apiv2][query] GET https://serviceusage.googleapis.com/v1/projects/twitter-clone-db05f/services/cloudfunctions.googleapis.com [none]
[debug] [2025-02-26T06:36:05.306Z] >>> [apiv2][(partial)header] GET https://serviceusage.googleapis.com/v1/projects/twitter-clone-db05f/services/cloudfunctions.googleapis.com x-goog-quota-user=projects/twitter-clone-db05f
[debug] [2025-02-26T06:36:05.308Z] >>> [apiv2][query] GET https://serviceusage.googleapis.com/v1/projects/twitter-clone-db05f/services/runtimeconfig.googleapis.com [none]
[debug] [2025-02-26T06:36:05.308Z] >>> [apiv2][(partial)header] GET https://serviceusage.googleapis.com/v1/projects/twitter-clone-db05f/services/runtimeconfig.googleapis.com x-goog-quota-user=projects/twitter-clone-db05f
[debug] [2025-02-26T06:36:07.126Z] <<< [apiv2][status] GET https://serviceusage.googleapis.com/v1/projects/twitter-clone-db05f/services/runtimeconfig.googleapis.com 200
[debug] [2025-02-26T06:36:07.126Z] <<< [apiv2][body] GET https://serviceusage.googleapis.com/v1/projects/twitter-clone-db05f/services/runtimeconfig.googleapis.com [omitted]
[debug] [2025-02-26T06:36:07.133Z] <<< [apiv2][status] GET https://serviceusage.googleapis.com/v1/projects/twitter-clone-db05f/services/cloudfunctions.googleapis.com 200
[debug] [2025-02-26T06:36:07.133Z] <<< [apiv2][body] GET https://serviceusage.googleapis.com/v1/projects/twitter-clone-db05f/services/cloudfunctions.googleapis.com [omitted]
[debug] [2025-02-26T06:36:07.134Z] Checked if tokens are valid: true, expires at: 1740554678679
[debug] [2025-02-26T06:36:07.134Z] Checked if tokens are valid: true, expires at: 1740554678679
[debug] [2025-02-26T06:36:07.135Z] >>> [apiv2][query] POST https://serviceusage.googleapis.com/v1/projects/twitter-clone-db05f/services/cloudfunctions.googleapis.com:enable [none]
[debug] [2025-02-26T06:36:07.135Z] >>> [apiv2][(partial)header] POST https://serviceusage.googleapis.com/v1/projects/twitter-clone-db05f/services/cloudfunctions.googleapis.com:enable x-goog-quota-user=projects/twitter-clone-db05f
[debug] [2025-02-26T06:36:08.986Z] <<< [apiv2][status] POST https://serviceusage.googleapis.com/v1/projects/twitter-clone-db05f/services/cloudfunctions.googleapis.com:enable 200
[debug] [2025-02-26T06:36:08.986Z] <<< [apiv2][body] POST https://serviceusage.googleapis.com/v1/projects/twitter-clone-db05f/services/cloudfunctions.googleapis.com:enable [omitted]
[debug] [2025-02-26T06:36:18.996Z] Checked if tokens are valid: true, expires at: 1740554678679
[debug] [2025-02-26T06:36:18.996Z] Checked if tokens are valid: true, expires at: 1740554678679
[debug] [2025-02-26T06:36:18.997Z] >>> [apiv2][query] GET https://serviceusage.googleapis.com/v1/projects/twitter-clone-db05f/services/cloudfunctions.googleapis.com [none]
[debug] [2025-02-26T06:36:18.997Z] >>> [apiv2][(partial)header] GET https://serviceusage.googleapis.com/v1/projects/twitter-clone-db05f/services/cloudfunctions.googleapis.com x-goog-quota-user=projects/twitter-clone-db05f
[debug] [2025-02-26T06:36:20.782Z] <<< [apiv2][status] GET https://serviceusage.googleapis.com/v1/projects/twitter-clone-db05f/services/cloudfunctions.googleapis.com 200
[debug] [2025-02-26T06:36:20.783Z] <<< [apiv2][body] GET https://serviceusage.googleapis.com/v1/projects/twitter-clone-db05f/services/cloudfunctions.googleapis.com [omitted]
[info] Let's create a new codebase for your functions.
[info] A directory corresponding to the codebase will be created in your project
[info] with sample code pre-configured.

[info] See https://firebase.google.com/docs/functions/organize-functions for
[info] more information on organizing your functions using codebases.

[info] Functions can be deployed with firebase deploy.

[info] +  Wrote functions/package.json 
[info] +  Wrote functions/.eslintrc.js 
[info] +  Wrote functions/tsconfig.json 
[info] +  Wrote functions/tsconfig.dev.json 
[info] +  Wrote functions/src/index.ts 
[info] +  Wrote functions/.gitignore 
[info] 
[info] i  genkit: Installing Genkit CLI version 1.0.5
 
[info] i  genkit: Installing NPM packages for genkit 
[info] +  genkit: Successfully installed NPM packages 
[info] i  genkit: Updating tsconfig.json 
[info] +  genkit: Successfully updated tsconfig.json 
[info] i  genkit: Updating package.json 
[info] +  genkit: Successfully updated package.json 
[info] i  genkit: Generating sample file 
[info] +  genkit: Successfully generated sample file (src/genkit-sample.ts) 
[info] 
Login to Google Cloud using:
[info]     gcloud auth application-default login --project undefined

[info] Then start the Genkit developer experience by running:
[info]     cd functions && npm run genkit:start
[info] 
=== Functions Setup
[debug] [2025-02-26T06:41:51.478Z] > command requires scopes: ["email","openid","https://www.googleapis.com/auth/cloudplatformprojects.readonly","https://www.googleapis.com/auth/firebase","https://www.googleapis.com/auth/cloud-platform"]
[debug] [2025-02-26T06:41:51.478Z] > authorizing via signed-in user (deepakgusaiwal07@gmail.com)
[debug] [2025-02-26T06:41:51.478Z] [iam] checking project twitter-clone-db05f for permissions ["firebase.projects.get"]
[debug] [2025-02-26T06:41:51.478Z] Checked if tokens are valid: true, expires at: 1740554678679
[debug] [2025-02-26T06:41:51.478Z] Checked if tokens are valid: true, expires at: 1740554678679
[debug] [2025-02-26T06:41:51.478Z] >>> [apiv2][query] POST https://cloudresourcemanager.googleapis.com/v1/projects/twitter-clone-db05f:testIamPermissions [none]
[debug] [2025-02-26T06:41:51.478Z] >>> [apiv2][(partial)header] POST https://cloudresourcemanager.googleapis.com/v1/projects/twitter-clone-db05f:testIamPermissions x-goog-quota-user=projects/twitter-clone-db05f
[debug] [2025-02-26T06:41:51.478Z] >>> [apiv2][body] POST https://cloudresourcemanager.googleapis.com/v1/projects/twitter-clone-db05f:testIamPermissions {"permissions":["firebase.projects.get"]}
[debug] [2025-02-26T06:41:53.023Z] <<< [apiv2][status] POST https://cloudresourcemanager.googleapis.com/v1/projects/twitter-clone-db05f:testIamPermissions 200
[debug] [2025-02-26T06:41:53.024Z] <<< [apiv2][body] POST https://cloudresourcemanager.googleapis.com/v1/projects/twitter-clone-db05f:testIamPermissions {"permissions":["firebase.projects.get"]}
[debug] [2025-02-26T06:41:53.024Z] Checked if tokens are valid: true, expires at: 1740554678679
[debug] [2025-02-26T06:41:53.024Z] Checked if tokens are valid: true, expires at: 1740554678679
[debug] [2025-02-26T06:41:53.024Z] Checked if tokens are valid: true, expires at: 1740554678679
[debug] [2025-02-26T06:41:53.024Z] Checked if tokens are valid: true, expires at: 1740554678679
[debug] [2025-02-26T06:41:53.025Z] >>> [apiv2][query] GET https://serviceusage.googleapis.com/v1/projects/twitter-clone-db05f/services/cloudfunctions.googleapis.com [none]
[debug] [2025-02-26T06:41:53.025Z] >>> [apiv2][(partial)header] GET https://serviceusage.googleapis.com/v1/projects/twitter-clone-db05f/services/cloudfunctions.googleapis.com x-goog-quota-user=projects/twitter-clone-db05f
[debug] [2025-02-26T06:41:53.027Z] >>> [apiv2][query] GET https://serviceusage.googleapis.com/v1/projects/twitter-clone-db05f/services/runtimeconfig.googleapis.com [none]
[debug] [2025-02-26T06:41:53.027Z] >>> [apiv2][(partial)header] GET https://serviceusage.googleapis.com/v1/projects/twitter-clone-db05f/services/runtimeconfig.googleapis.com x-goog-quota-user=projects/twitter-clone-db05f
[debug] [2025-02-26T06:41:54.927Z] <<< [apiv2][status] GET https://serviceusage.googleapis.com/v1/projects/twitter-clone-db05f/services/runtimeconfig.googleapis.com 200
[debug] [2025-02-26T06:41:54.928Z] <<< [apiv2][body] GET https://serviceusage.googleapis.com/v1/projects/twitter-clone-db05f/services/runtimeconfig.googleapis.com [omitted]
[debug] [2025-02-26T06:41:54.941Z] <<< [apiv2][status] GET https://serviceusage.googleapis.com/v1/projects/twitter-clone-db05f/services/cloudfunctions.googleapis.com 200
[debug] [2025-02-26T06:41:54.941Z] <<< [apiv2][body] GET https://serviceusage.googleapis.com/v1/projects/twitter-clone-db05f/services/cloudfunctions.googleapis.com [omitted]
[info] 
Detected existing codebase(s): default

[info] 
Overwriting codebase default...

[info] i  Skipping write of functions/package.json 
[info] +  Wrote functions/index.js 
[info] i  Skipping write of functions/.eslintrc.js 
[info] i  Skipping write of functions/.gitignore 
[info] 
=== Apphosting Setup
[debug] [2025-02-26T06:42:32.086Z] Checked if tokens are valid: true, expires at: 1740554678679
[debug] [2025-02-26T06:42:32.086Z] Checked if tokens are valid: true, expires at: 1740554678679
[debug] [2025-02-26T06:42:32.086Z] >>> [apiv2][query] GET https://cloudbilling.googleapis.com/v1/projects/twitter-clone-db05f/billingInfo [none]
[debug] [2025-02-26T06:42:32.590Z] <<< [apiv2][status] GET https://cloudbilling.googleapis.com/v1/projects/twitter-clone-db05f/billingInfo 200
[debug] [2025-02-26T06:42:32.590Z] <<< [apiv2][body] GET https://cloudbilling.googleapis.com/v1/projects/twitter-clone-db05f/billingInfo {"name":"projects/twitter-clone-db05f/billingInfo","projectId":"twitter-clone-db05f","billingAccountName":"","billingEnabled":false}
[info] i  Writing default settings to apphosting.yaml... 
[info] +  Wrote apphosting.yaml 
[info] +  Create a new App Hosting backend with `firebase apphosting:backends:create` 
[info] 
=== Hosting Setup
[debug] [2025-02-26T06:42:32.592Z] Checked if tokens are valid: true, expires at: 1740554678679
[debug] [2025-02-26T06:42:32.592Z] Checked if tokens are valid: true, expires at: 1740554678679
[debug] [2025-02-26T06:42:32.592Z] >>> [apiv2][query] GET https://firebase.googleapis.com/v1beta1/projects/twitter-clone-db05f [none]
[debug] [2025-02-26T06:42:33.094Z] <<< [apiv2][status] GET https://firebase.googleapis.com/v1beta1/projects/twitter-clone-db05f 200
[debug] [2025-02-26T06:42:33.094Z] <<< [apiv2][body] GET https://firebase.googleapis.com/v1beta1/projects/twitter-clone-db05f {"projectId":"twitter-clone-db05f","projectNumber":"431376433406","displayName":"Twitter-clone","name":"projects/twitter-clone-db05f","resources":{"hostingSite":"twitter-clone-db05f"},"state":"ACTIVE","etag":"1_9fcf95b9-c118-409f-97f2-ece9910a9579"}
[info] 
[info] Your public directory is the folder (relative to your project directory) that
[info] will contain Hosting assets to be uploaded with firebase deploy. If you
[info] have a build process for your assets, use your build's output directory.
[info] 
[debug] [2025-02-26T06:42:59.574Z] >>> [apiv2][query] GET https://www.gstatic.com/firebasejs/releases.json [none]
[debug] [2025-02-26T06:42:59.730Z] <<< [apiv2][status] GET https://www.gstatic.com/firebasejs/releases.json 200
[debug] [2025-02-26T06:42:59.730Z] <<< [apiv2][body] GET https://www.gstatic.com/firebasejs/releases.json {"current":{"version":"11.3.1","browserURL":"https://www.gstatic.com/firebasejs/11.3.1/firebase.js","packageURL":"https://www.gstatic.com/firebasejs/11.3.1/firebase.tgz"},"live":{"version":"11.3","browserURL":"https://www.gstatic.com/firebasejs/live/11.3/firebase.js","packageURL":"https://www.gstatic.com/firebasejs/live/11.3/firebase.tgz"},"components":{"analytics":"https://www.gstatic.com/firebasejs/11.3.1/firebase-analytics.js","app":"https://www.gstatic.com/firebasejs/11.3.1/firebase-app.js","app-check":"https://www.gstatic.com/firebasejs/11.3.1/firebase-app-check.js","auth":"https://www.gstatic.com/firebasejs/11.3.1/firebase-auth.js","auth/cordova":"https://www.gstatic.com/firebasejs/11.3.1/firebase-auth/cordova.js","auth/web-extension":"https://www.gstatic.com/firebasejs/11.3.1/firebase-auth/web-extension.js","functions":"https://www.gstatic.com/firebasejs/11.3.1/firebase-functions.js","firestore":"https://www.gstatic.com/firebasejs/11.3.1/firebase-firestore.js","firestore/lite":"https://www.gstatic.com/firebasejs/11.3.1/firebase-firestore/lite.js","installations":"https://www.gstatic.com/firebasejs/11.3.1/firebase-installations.js","storage":"https://www.gstatic.com/firebasejs/11.3.1/firebase-storage.js","performance":"https://www.gstatic.com/firebasejs/11.3.1/firebase-performance.js","remote-config":"https://www.gstatic.com/firebasejs/11.3.1/firebase-remote-config.js","messaging":"https://www.gstatic.com/firebasejs/11.3.1/firebase-messaging.js","messaging/sw":"https://www.gstatic.com/firebasejs/11.3.1/firebase-messaging/sw.js","database":"https://www.gstatic.com/firebasejs/11.3.1/firebase-database.js","vertexai":"https://www.gstatic.com/firebasejs/11.3.1/firebase-vertexai.js","data-connect":"https://www.gstatic.com/firebasejs/11.3.1/firebase-data-connect.js","firestore.memory":"https://www.gstatic.com/firebasejs/11.3.1/firebase-firestore.memory.js"}}
[info] i  Skipping write of public/index.html 
[info] 
[info] i  Detected a .git folder at D:\Deepak Works\practice\twitter-clone 
[info] i  Authorizing with GitHub to upload your service account to a GitHub repository's secrets store. 
[info] 
[info] Visit this URL on this device to log in:
[info] https://github.com/login/oauth/authorize?client_id=89cf50f02ac6aaed3484&state=534231931&redirect_uri=http%3A%2F%2Flocalhost%3A9005&scope=read%3Auser%20repo%20public_repo
[info] 
[info] Waiting for authentication...
[debug] [2025-02-26T06:43:23.592Z] >>> [apiv2][query] POST https://github.com/login/oauth/access_token [none]
[debug] [2025-02-26T06:43:23.592Z] >>> [apiv2][body] POST https://github.com/login/oauth/access_token [stream]
[debug] [2025-02-26T06:43:23.972Z] <<< [apiv2][status] POST https://github.com/login/oauth/access_token 200
[debug] [2025-02-26T06:43:23.972Z] <<< [apiv2][body] POST https://github.com/login/oauth/access_token {"access_token":"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","token_type":"bearer","scope":"read:user,repo"}
[debug] [2025-02-26T06:43:23.975Z] >>> [apiv2][query] GET https://api.github.com/user [none]
[debug] [2025-02-26T06:43:24.358Z] <<< [apiv2][status] GET https://api.github.com/user 200
[debug] [2025-02-26T06:43:24.358Z] <<< [apiv2][body] GET https://api.github.com/user {"login":"deepakgusaiwal","id":103021209,"node_id":"U_kgDOBiP6mQ","avatar_url":"https://avatars.githubusercontent.com/u/103021209?v=4","gravatar_id":"","url":"https://api.github.com/users/deepakgusaiwal","html_url":"https://github.com/deepakgusaiwal","followers_url":"https://api.github.com/users/deepakgusaiwal/followers","following_url":"https://api.github.com/users/deepakgusaiwal/following{/other_user}","gists_url":"https://api.github.com/users/deepakgusaiwal/gists{/gist_id}","starred_url":"https://api.github.com/users/deepakgusaiwal/starred{/owner}{/repo}","subscriptions_url":"https://api.github.com/users/deepakgusaiwal/subscriptions","organizations_url":"https://api.github.com/users/deepakgusaiwal/orgs","repos_url":"https://api.github.com/users/deepakgusaiwal/repos","events_url":"https://api.github.com/users/deepakgusaiwal/events{/privacy}","received_events_url":"https://api.github.com/users/deepakgusaiwal/received_events","type":"User","user_view_type":"private","site_admin":false,"name":null,"company":null,"blog":"","location":null,"email":null,"hireable":null,"bio":null,"twitter_username":null,"notification_email":null,"public_repos":1,"public_gists":0,"followers":0,"following":0,"created_at":"2022-04-05T05:54:39Z","updated_at":"2025-02-19T05:33:49Z","private_gists":0,"total_private_repos":0,"owned_private_repos":0,"disk_usage":2957,"collaborators":0,"two_factor_authentication":false,"plan":{"name":"free","space":976562499,"collaborators":0,"private_repos":10000}}
[info] 
[info] +  Success! Logged into GitHub as deepakgusaiwal 
[info] 
[debug] [2025-02-26T06:43:40.958Z] >>> [apiv2][query] GET https://api.github.com/repos//actions/secrets/public-key type=owner
[debug] [2025-02-26T06:43:41.253Z] <<< [apiv2][status] GET https://api.github.com/repos//actions/secrets/public-key 404
[debug] [2025-02-26T06:43:41.254Z] <<< [apiv2][body] GET https://api.github.com/repos//actions/secrets/public-key {"message":"Not Found","documentation_url":"https://docs.github.com/rest","status":"404"}
[info] 
[info] 
[error] !  The provided authorization cannot be used with this repository. If this repository is in an organization, did you remember to grant access? 
[info] 
[info] i  Action required: Visit this URL to ensure access has been granted to the appropriate organization(s) for the Firebase CLI GitHub OAuth App: 
[info] https://github.com/settings/connections/applications/89cf50f02ac6aaed3484
[info] 
[debug] [2025-02-26T06:43:52.214Z] >>> [apiv2][query] GET https://api.github.com/repos//actions/secrets/public-key type=owner
[debug] [2025-02-26T06:43:52.510Z] <<< [apiv2][status] GET https://api.github.com/repos//actions/secrets/public-key 404
[debug] [2025-02-26T06:43:52.510Z] <<< [apiv2][body] GET https://api.github.com/repos//actions/secrets/public-key {"message":"Not Found","documentation_url":"https://docs.github.com/rest","status":"404"}
[info] 
[info] 
[error] !  The provided authorization cannot be used with this repository. If this repository is in an organization, did you remember to grant access? 
[info] 
[info] i  Action required: Visit this URL to ensure access has been granted to the appropriate organization(s) for the Firebase CLI GitHub OAuth App: 
[info] https://github.com/settings/connections/applications/89cf50f02ac6aaed3484
[info] 
[debug] [2025-02-26T06:43:54.430Z] >>> [apiv2][query] GET https://api.github.com/repos//actions/secrets/public-key type=owner
[debug] [2025-02-26T06:43:54.685Z] <<< [apiv2][status] GET https://api.github.com/repos//actions/secrets/public-key 404
[debug] [2025-02-26T06:43:54.685Z] <<< [apiv2][body] GET https://api.github.com/repos//actions/secrets/public-key {"message":"Not Found","documentation_url":"https://docs.github.com/rest","status":"404"}
[info] 
[info] 
[error] !  The provided authorization cannot be used with this repository. If this repository is in an organization, did you remember to grant access? 
[info] 
[info] i  Action required: Visit this URL to ensure access has been granted to the appropriate organization(s) for the Firebase CLI GitHub OAuth App: 
[info] https://github.com/settings/connections/applications/89cf50f02ac6aaed3484
[info] 
[debug] [2025-02-26T06:50:41.197Z] >>> [apiv2][query] GET https://api.github.com/repos/twitter-clone/actions/secrets/public-key type=owner
[debug] [2025-02-26T06:50:41.531Z] <<< [apiv2][status] GET https://api.github.com/repos/twitter-clone/actions/secrets/public-key 404
[debug] [2025-02-26T06:50:41.532Z] <<< [apiv2][body] GET https://api.github.com/repos/twitter-clone/actions/secrets/public-key {"message":"Not Found","documentation_url":"https://docs.github.com/rest","status":"404"}
[info] 
[info] 
[error] !  The provided authorization cannot be used with this repository. If this repository is in an organization, did you remember to grant access? 
[info] 
[info] i  Action required: Visit this URL to ensure access has been granted to the appropriate organization(s) for the Firebase CLI GitHub OAuth App: 
[info] https://github.com/settings/connections/applications/89cf50f02ac6aaed3484
[info] 
[debug] [2025-02-26T06:50:43.700Z] >>> [apiv2][query] GET https://api.github.com/repos/twitter-clone/actions/secrets/public-key type=owner
[debug] [2025-02-26T06:50:43.964Z] <<< [apiv2][status] GET https://api.github.com/repos/twitter-clone/actions/secrets/public-key 404
[debug] [2025-02-26T06:50:43.964Z] <<< [apiv2][body] GET https://api.github.com/repos/twitter-clone/actions/secrets/public-key {"message":"Not Found","documentation_url":"https://docs.github.com/rest","status":"404"}
[info] 
[info] 
[error] !  The provided authorization cannot be used with this repository. If this repository is in an organization, did you remember to grant access? 
[info] 
[info] i  Action required: Visit this URL to ensure access has been granted to the appropriate organization(s) for the Firebase CLI GitHub OAuth App: 
[info] https://github.com/settings/connections/applications/89cf50f02ac6aaed3484
[info] 
